=====================================================
Container with children that aren't in the repository
=====================================================

Containers and content implemented in this module are abstract. Therefore, we
need concrete implementations of them for this demonstration:

>>> import persistent
>>> import zeit.content.quiz.container

>>> class PersistentContainer(
...     persistent.Persistent,
...     zeit.content.quiz.container.Container,
...     zeit.cms.content.xmlsupport.XMLRepresentationBase):
...
...     default_template = "<persistentcontainer />"
...     def _get_persistent_container(self):
...         return self

>>> class Container(zeit.content.quiz.container.Container,
...                 zeit.content.quiz.container.Contained):
...
...     default_template = "<container />"
...     def _get_persistent_container(self):
...         return self.__parent__

>>> class Contained(zeit.content.quiz.container.Contained):
...
...     default_template = "<contained />"

>>> from zeit.content.quiz.tests import (
...     PersistentContainer, Container, Contained)

>>> import zope.component
>>> contained_factory = zeit.content.quiz.container.xml_tree_content_adapter(
...     Contained)
>>> zope.component.provideAdapter(contained_factory, name='contained')


Persistence
===========

Let's create a persistent container:

>>> import transaction
>>> root = getRootFolder()
>>> pc = PersistentContainer()
>>> pc
<zeit.content.quiz.tests.PersistentContainer object at 0x...>
>>> root['pc'] = pc
>>> transaction.commit()

Now we add to it a non-persistent container which will be stored within the
XML tree of the persistent one. We must ensure that it gets written to the
ZODB if the non-persistent object was modified during the transaction.

>>> npc = Container()
>>> pc._p_changed
False
>>> pc['npc'] = npc
>>> pc._p_changed
True
>>> transaction.commit()

>>> import zope.event
>>> import zope.lifecycleevent
>>> pc._p_changed
False
>>> zope.event.notify(zope.lifecycleevent.ObjectModifiedEvent(npc))
>>> pc._p_changed
True
>>> transaction.commit()

We'll test deletion of the non-persistent container later; let's first add
some content to it and see that change notification works from deeper inside
the containment as well:

>>> obj = Contained()
>>> pc._p_changed
False
>>> npc['obj'] = obj
>>> pc._p_changed
True
>>> transaction.commit()

>>> pc._p_changed
False
>>> zope.event.notify(zope.lifecycleevent.ObjectModifiedEvent(obj))
>>> pc._p_changed
True
>>> transaction.commit()

Finally, we remove the non-persistent items:

>>> pc._p_changed
False
>>> del npc['obj']
>>> pc._p_changed
True
>>> transaction.commit()

>>> pc._p_changed
False
>>> del pc['npc']
>>> pc._p_changed
True
>>> transaction.commit()


Updating the order of items
===========================

The container defined here is ordered since its items are ordered in the XML
tree that stores them. We can update the order by passing a sequence of keys.

The set of keys passed to the ``updateOrder`` method must be the same as the
currently used keys, and no duplicates are allowed:

>>> pc['foo'] = Contained()
>>> pc['bar'] = Contained()
>>> pc['baz'] = Contained()
>>> pc.keys()
['foo', 'bar', 'baz']

>>> pc.updateOrder(object())  #doctest: +IGNORE_EXCEPTION_DETAIL
Traceback (most recent call last):
TypeError: iteration over non-sequence

>>> pc.updateOrder(['foo', 'bar', 'foo'])
Traceback (most recent call last):
ValueError: Duplicate keys.

>>> pc.updateOrder(['foo', 'bar', 'baz', 'foo'])
Traceback (most recent call last):
ValueError: Duplicate keys.

>>> pc.updateOrder(['foo', 'bar'])
Traceback (most recent call last):
ValueError: New order has different keys than are currently used.

>>> pc.updateOrder(['foo', 'bar', 'asdf'])
Traceback (most recent call last):
ValueError: New order has different keys than are currently used.

>>> pc.updateOrder(['foo', 'bar', 'baz', 'asdf'])
Traceback (most recent call last):
ValueError: New order has different keys than are currently used.

If we pass a valid key sequence, the order gets updated:

>>> pc.updateOrder(['foo', 'bar', 'baz'])
>>> pc.keys()
['foo', 'bar', 'baz']

>>> pc.updateOrder(['bar', 'baz', 'foo'])
>>> pc.keys()
['bar', 'baz', 'foo']

>>> pc.updateOrder(['foo', 'baz', 'bar'])
>>> pc.keys()
['foo', 'baz', 'bar']


Clean up
========

>>> gsm = zope.component.getGlobalSiteManager()
>>> gsm.unregisterAdapter(contained_factory, name='contained')
True
